Archive member included to satisfy reference by file (symbol)

D:/YongJae/STM32CubeIDE1.15.0/STM32CubeIDE_1.15.0/STM32CubeIDE/plugins/com.st.stm32cube.ide.mcu.externaltools.gnu-tools-for-stm32.12.3.rel1.win32_1.0.100.202403111256/tools/bin/../lib/gcc/arm-none-eabi/12.3.1/../../../../arm-none-eabi/lib/thumb/v7-m/nofp\libc_nano.a(libc_a-exit.o)
                              D:/YongJae/STM32CubeIDE1.15.0/STM32CubeIDE_1.15.0/STM32CubeIDE/plugins/com.st.stm32cube.ide.mcu.externaltools.gnu-tools-for-stm32.12.3.rel1.win32_1.0.100.202403111256/tools/bin/../lib/gcc/arm-none-eabi/12.3.1/../../../../arm-none-eabi/lib/thumb/v7-m/nofp/crt0.o (exit)
D:/YongJae/STM32CubeIDE1.15.0/STM32CubeIDE_1.15.0/STM32CubeIDE/plugins/com.st.stm32cube.ide.mcu.externaltools.gnu-tools-for-stm32.12.3.rel1.win32_1.0.100.202403111256/tools/bin/../lib/gcc/arm-none-eabi/12.3.1/../../../../arm-none-eabi/lib/thumb/v7-m/nofp\libc_nano.a(libc_a-findfp.o)
                              D:/YongJae/STM32CubeIDE1.15.0/STM32CubeIDE_1.15.0/STM32CubeIDE/plugins/com.st.stm32cube.ide.mcu.externaltools.gnu-tools-for-stm32.12.3.rel1.win32_1.0.100.202403111256/tools/bin/../lib/gcc/arm-none-eabi/12.3.1/../../../../arm-none-eabi/lib/thumb/v7-m/nofp\libc_nano.a(libc_a-exit.o) (__stdio_exit_handler)
D:/YongJae/STM32CubeIDE1.15.0/STM32CubeIDE_1.15.0/STM32CubeIDE/plugins/com.st.stm32cube.ide.mcu.externaltools.gnu-tools-for-stm32.12.3.rel1.win32_1.0.100.202403111256/tools/bin/../lib/gcc/arm-none-eabi/12.3.1/../../../../arm-none-eabi/lib/thumb/v7-m/nofp\libc_nano.a(libc_a-fwalk.o)
                              D:/YongJae/STM32CubeIDE1.15.0/STM32CubeIDE_1.15.0/STM32CubeIDE/plugins/com.st.stm32cube.ide.mcu.externaltools.gnu-tools-for-stm32.12.3.rel1.win32_1.0.100.202403111256/tools/bin/../lib/gcc/arm-none-eabi/12.3.1/../../../../arm-none-eabi/lib/thumb/v7-m/nofp\libc_nano.a(libc_a-findfp.o) (_fwalk_sglue)
D:/YongJae/STM32CubeIDE1.15.0/STM32CubeIDE_1.15.0/STM32CubeIDE/plugins/com.st.stm32cube.ide.mcu.externaltools.gnu-tools-for-stm32.12.3.rel1.win32_1.0.100.202403111256/tools/bin/../lib/gcc/arm-none-eabi/12.3.1/../../../../arm-none-eabi/lib/thumb/v7-m/nofp\libc_nano.a(libc_a-stdio.o)
                              D:/YongJae/STM32CubeIDE1.15.0/STM32CubeIDE_1.15.0/STM32CubeIDE/plugins/com.st.stm32cube.ide.mcu.externaltools.gnu-tools-for-stm32.12.3.rel1.win32_1.0.100.202403111256/tools/bin/../lib/gcc/arm-none-eabi/12.3.1/../../../../arm-none-eabi/lib/thumb/v7-m/nofp\libc_nano.a(libc_a-findfp.o) (__sread)
D:/YongJae/STM32CubeIDE1.15.0/STM32CubeIDE_1.15.0/STM32CubeIDE/plugins/com.st.stm32cube.ide.mcu.externaltools.gnu-tools-for-stm32.12.3.rel1.win32_1.0.100.202403111256/tools/bin/../lib/gcc/arm-none-eabi/12.3.1/../../../../arm-none-eabi/lib/thumb/v7-m/nofp\libc_nano.a(libc_a-memset.o)
                              D:/YongJae/STM32CubeIDE1.15.0/STM32CubeIDE_1.15.0/STM32CubeIDE/plugins/com.st.stm32cube.ide.mcu.externaltools.gnu-tools-for-stm32.12.3.rel1.win32_1.0.100.202403111256/tools/bin/../lib/gcc/arm-none-eabi/12.3.1/../../../../arm-none-eabi/lib/thumb/v7-m/nofp/crt0.o (memset)
D:/YongJae/STM32CubeIDE1.15.0/STM32CubeIDE_1.15.0/STM32CubeIDE/plugins/com.st.stm32cube.ide.mcu.externaltools.gnu-tools-for-stm32.12.3.rel1.win32_1.0.100.202403111256/tools/bin/../lib/gcc/arm-none-eabi/12.3.1/../../../../arm-none-eabi/lib/thumb/v7-m/nofp\libc_nano.a(libc_a-closer.o)
                              D:/YongJae/STM32CubeIDE1.15.0/STM32CubeIDE_1.15.0/STM32CubeIDE/plugins/com.st.stm32cube.ide.mcu.externaltools.gnu-tools-for-stm32.12.3.rel1.win32_1.0.100.202403111256/tools/bin/../lib/gcc/arm-none-eabi/12.3.1/../../../../arm-none-eabi/lib/thumb/v7-m/nofp\libc_nano.a(libc_a-stdio.o) (_close_r)
D:/YongJae/STM32CubeIDE1.15.0/STM32CubeIDE_1.15.0/STM32CubeIDE/plugins/com.st.stm32cube.ide.mcu.externaltools.gnu-tools-for-stm32.12.3.rel1.win32_1.0.100.202403111256/tools/bin/../lib/gcc/arm-none-eabi/12.3.1/../../../../arm-none-eabi/lib/thumb/v7-m/nofp\libc_nano.a(libc_a-reent.o)
                              D:/YongJae/STM32CubeIDE1.15.0/STM32CubeIDE_1.15.0/STM32CubeIDE/plugins/com.st.stm32cube.ide.mcu.externaltools.gnu-tools-for-stm32.12.3.rel1.win32_1.0.100.202403111256/tools/bin/../lib/gcc/arm-none-eabi/12.3.1/../../../../arm-none-eabi/lib/thumb/v7-m/nofp\libc_nano.a(libc_a-closer.o) (errno)
D:/YongJae/STM32CubeIDE1.15.0/STM32CubeIDE_1.15.0/STM32CubeIDE/plugins/com.st.stm32cube.ide.mcu.externaltools.gnu-tools-for-stm32.12.3.rel1.win32_1.0.100.202403111256/tools/bin/../lib/gcc/arm-none-eabi/12.3.1/../../../../arm-none-eabi/lib/thumb/v7-m/nofp\libc_nano.a(libc_a-impure.o)
                              D:/YongJae/STM32CubeIDE1.15.0/STM32CubeIDE_1.15.0/STM32CubeIDE/plugins/com.st.stm32cube.ide.mcu.externaltools.gnu-tools-for-stm32.12.3.rel1.win32_1.0.100.202403111256/tools/bin/../lib/gcc/arm-none-eabi/12.3.1/../../../../arm-none-eabi/lib/thumb/v7-m/nofp\libc_nano.a(libc_a-reent.o) (_impure_ptr)
[...]
Memory Configuration

Name             Origin             Length             Attributes
RAM              0x20000000         0x00005000         xrw
FLASH            0x08000000         0x00010000         xr
*default*        0x00000000         0xffffffff

Linker script and memory map

LOAD D:/YongJae/STM32CubeIDE1.15.0/STM32CubeIDE_1.15.0/STM32CubeIDE/plugins/com.st.stm32cube.ide.mcu.externaltools.gnu-tools-for-stm32.12.3.rel1.win32_1.0.100.202403111256/tools/bin/../lib/gcc/arm-none-eabi/12.3.1/thumb/v7-m/nofp/crti.o
LOAD D:/YongJae/STM32CubeIDE1.15.0/STM32CubeIDE_1.15.0/STM32CubeIDE/plugins/com.st.stm32cube.ide.mcu.externaltools.gnu-tools-for-stm32.12.3.rel1.win32_1.0.100.202403111256/tools/bin/../lib/gcc/arm-none-eabi/12.3.1/thumb/v7-m/nofp/crtbegin.o
LOAD D:/YongJae/STM32CubeIDE1.15.0/STM32CubeIDE_1.15.0/STM32CubeIDE/plugins/com.st.stm32cube.ide.mcu.externaltools.gnu-tools-for-stm32.12.3.rel1.win32_1.0.100.202403111256/tools/bin/../lib/gcc/arm-none-eabi/12.3.1/../../../../arm-none-eabi/lib/thumb/v7-m/nofp/crt0.o
LOAD ./Core/Lib/Src/ds18b20.o
LOAD ./Core/Lib/Src/onewire.o
LOAD ./Core/Src/fnd_controller.o
LOAD ./Core/Src/main.o
LOAD ./Core/Src/stm32f1xx_hal_msp.o
LOAD ./Core/Src/stm32f1xx_it.o
LOAD ./Core/Src/syscalls.o
LOAD ./Core/Src/sysmem.o
LOAD ./Core/Src/system_stm32f1xx.o
LOAD ./Core/Startup/startup_stm32f103c8tx.o
LOAD ./Drivers/STM32F1xx_HAL_Driver/Src/stm32f1xx_hal.o
LOAD ./Drivers/STM32F1xx_HAL_Driver/Src/stm32f1xx_hal_cortex.o
LOAD ./Drivers/STM32F1xx_HAL_Driver/Src/stm32f1xx_hal_dma.o
LOAD ./Drivers/STM32F1xx_HAL_Driver/Src/stm32f1xx_hal_exti.o
LOAD ./Drivers/STM32F1xx_HAL_Driver/Src/stm32f1xx_hal_flash.o
LOAD ./Drivers/STM32F1xx_HAL_Driver/Src/stm32f1xx_hal_flash_ex.o
LOAD ./Drivers/STM32F1xx_HAL_Driver/Src/stm32f1xx_hal_gpio.o
LOAD ./Drivers/STM32F1xx_HAL_Driver/Src/stm32f1xx_hal_gpio_ex.o
LOAD ./Drivers/STM32F1xx_HAL_Driver/Src/stm32f1xx_hal_pwr.o
LOAD ./Drivers/STM32F1xx_HAL_Driver/Src/stm32f1xx_hal_rcc.o
LOAD ./Drivers/STM32F1xx_HAL_Driver/Src/stm32f1xx_hal_rcc_ex.o
LOAD ./Drivers/STM32F1xx_HAL_Driver/Src/stm32f1xx_hal_spi.o
LOAD ./Drivers/STM32F1xx_HAL_Driver/Src/stm32f1xx_hal_tim.o
LOAD ./Drivers/STM32F1xx_HAL_Driver/Src/stm32f1xx_hal_tim_ex.o
LOAD ./Drivers/STM32F1xx_HAL_Driver/Src/stm32f1xx_hal_uart.o
START GROUP
LOAD D:/YongJae/STM32CubeIDE1.15.0/STM32CubeIDE_1.15.0/STM32CubeIDE/plugins/com.st.stm32cube.ide.mcu.externaltools.gnu-tools-for-stm32.12.3.rel1.win32_1.0.100.202403111256/tools/bin/../lib/gcc/arm-none-eabi/12.3.1/../../../../arm-none-eabi/lib/thumb/v7-m/nofp\libc_nano.a
LOAD D:/YongJae/STM32CubeIDE1.15.0/STM32CubeIDE_1.15.0/STM32CubeIDE/plugins/com.st.stm32cube.ide.mcu.externaltools.gnu-tools-for-stm32.12.3.rel1.win32_1.0.100.202403111256/tools/bin/../lib/gcc/arm-none-eabi/12.3.1/../../../../arm-none-eabi/lib/thumb/v7-m/nofp\libm.a
END GROUP
START GROUP
LOAD D:/YongJae/STM32CubeIDE1.15.0/STM32CubeIDE_1.15.0/STM32CubeIDE/plugins/com.st.stm32cube.ide.mcu.externaltools.gnu-tools-for-stm32.12.3.rel1.win32_1.0.100.202403111256/tools/bin/../lib/gcc/arm-none-eabi/12.3.1/thumb/v7-m/nofp\libgcc.a
LOAD D:/YongJae/STM32CubeIDE1.15.0/STM32CubeIDE_1.15.0/STM32CubeIDE/plugins/com.st.stm32cube.ide.mcu.externaltools.gnu-tools-for-stm32.12.3.rel1.win32_1.0.100.202403111256/tools/bin/../lib/gcc/arm-none-eabi/12.3.1/../../../../arm-none-eabi/lib/thumb/v7-m/nofp\libc_nano.a
END GROUP
START GROUP
LOAD D:/YongJae/STM32CubeIDE1.15.0/STM32CubeIDE_1.15.0/STM32CubeIDE/plugins/com.st.stm32cube.ide.mcu.externaltools.gnu-tools-for-stm32.12.3.rel1.win32_1.0.100.202403111256/tools/bin/../lib/gcc/arm-none-eabi/12.3.1/thumb/v7-m/nofp\libgcc.a
LOAD D:/YongJae/STM32CubeIDE1.15.0/STM32CubeIDE_1.15.0/STM32CubeIDE/plugins/com.st.stm32cube.ide.mcu.externaltools.gnu-tools-for-stm32.12.3.rel1.win32_1.0.100.202403111256/tools/bin/../lib/gcc/arm-none-eabi/12.3.1/../../../../arm-none-eabi/lib/thumb/v7-m/nofp\libc_nano.a
LOAD D:/YongJae/STM32CubeIDE1.15.0/STM32CubeIDE_1.15.0/STM32CubeIDE/plugins/com.st.stm32cube.ide.mcu.externaltools.gnu-tools-for-stm32.12.3.rel1.win32_1.0.100.202403111256/tools/bin/../lib/gcc/arm-none-eabi/12.3.1/../../../../arm-none-eabi/lib/thumb/v7-m/nofp\libnosys.a
END GROUP
START GROUP
LOAD D:/YongJae/STM32CubeIDE1.15.0/STM32CubeIDE_1.15.0/STM32CubeIDE/plugins/com.st.stm32cube.ide.mcu.externaltools.gnu-tools-for-stm32.12.3.rel1.win32_1.0.100.202403111256/tools/bin/../lib/gcc/arm-none-eabi/12.3.1/thumb/v7-m/nofp\libgcc.a
LOAD D:/YongJae/STM32CubeIDE1.15.0/STM32CubeIDE_1.15.0/STM32CubeIDE/plugins/com.st.stm32cube.ide.mcu.externaltools.gnu-tools-for-stm32.12.3.rel1.win32_1.0.100.202403111256/tools/bin/../lib/gcc/arm-none-eabi/12.3.1/../../../../arm-none-eabi/lib/thumb/v7-m/nofp\libc_nano.a
LOAD D:/YongJae/STM32CubeIDE1.15.0/STM32CubeIDE_1.15.0/STM32CubeIDE/plugins/com.st.stm32cube.ide.mcu.externaltools.gnu-tools-for-stm32.12.3.rel1.win32_1.0.100.202403111256/tools/bin/../lib/gcc/arm-none-eabi/12.3.1/../../../../arm-none-eabi/lib/thumb/v7-m/nofp\libnosys.a
END GROUP
LOAD D:/YongJae/STM32CubeIDE1.15.0/STM32CubeIDE_1.15.0/STM32CubeIDE/plugins/com.st.stm32cube.ide.mcu.externaltools.gnu-tools-for-stm32.12.3.rel1.win32_1.0.100.202403111256/tools/bin/../lib/gcc/arm-none-eabi/12.3.1/thumb/v7-m/nofp/crtend.o
LOAD D:/YongJae/STM32CubeIDE1.15.0/STM32CubeIDE_1.15.0/STM32CubeIDE/plugins/com.st.stm32cube.ide.mcu.externaltools.gnu-tools-for-stm32.12.3.rel1.win32_1.0.100.202403111256/tools/bin/../lib/gcc/arm-none-eabi/12.3.1/thumb/v7-m/nofp/crtn.o
                0x20005000                        _estack = (ORIGIN (RAM) + LENGTH (RAM))
                0x00000200                        _Min_Heap_Size = 0x200
                0x00000400                        _Min_Stack_Size = 0x400

.isr_vector     0x08000000      0x10c
                0x08000000                        . = ALIGN (0x4)
 *(.isr_vector)
 .isr_vector    0x08000000      0x10c ./Core/Startup/startup_stm32f103c8tx.o
                0x08000000                g_pfnVectors
                0x0800010c                        . = ALIGN (0x4)

.text           0x0800010c     0x3338
                0x0800010c                        . = ALIGN (0x4)
 *(.text)
 .text          0x0800010c       0x40 D:/YongJae/STM32CubeIDE1.15.0/STM32CubeIDE_1.15.0/STM32CubeIDE/plugins/com.st.stm32cube.ide.mcu.externaltools.gnu-tools-for-stm32.12.3.rel1.win32_1.0.100.202403111256/tools/bin/../lib/gcc/arm-none-eabi/12.3.1/thumb/v7-m/nofp/crtbegin.o
 .text          0x0800014c      0x168 D:/YongJae/STM32CubeIDE1.15.0/STM32CubeIDE_1.15.0/STM32CubeIDE/plugins/com.st.stm32cube.ide.mcu.externaltools.gnu-tools-for-stm32.12.3.rel1.win32_1.0.100.202403111256/tools/bin/../lib/gcc/arm-none-eabi/12.3.1/thumb/v7-m/nofp\libgcc.a(_arm_mulsf3.o)
                0x0800014c                __aeabi_fmul
                0x0800014c                __mulsf3
 .text          0x080002b4      0x21c D:/YongJae/STM32CubeIDE1.15.0/STM32CubeIDE_1.15.0/STM32CubeIDE/plugins/com.st.stm32cube.ide.mcu.externaltools.gnu-tools-for-stm32.12.3.rel1.win32_1.0.100.202403111256/tools/bin/../lib/gcc/arm-none-eabi/12.3.1/thumb/v7-m/nofp\libgcc.a(_arm_addsubsf3.o)
                0x080002b4                __aeabi_frsub
                0x080002bc                __subsf3
                0x080002bc                __aeabi_fsub
                0x080002c0                __aeabi_fadd
                0x080002c0                __addsf3
                0x08000420                __aeabi_ui2f
                0x08000420                __floatunsisf
                0x08000428                __aeabi_i2f
                0x08000428                __floatsisf
                0x08000444                __aeabi_ul2f
                0x08000444                __floatundisf
                0x08000454                __aeabi_l2f
                0x08000454                __floatdisf
 .text          0x080004d0       0x4c D:/YongJae/STM32CubeIDE1.15.0/STM32CubeIDE_1.15.0/STM32CubeIDE/plugins/com.st.stm32cube.ide.mcu.externaltools.gnu-tools-for-stm32.12.3.rel1.win32_1.0.100.202403111256/tools/bin/../lib/gcc/arm-none-eabi/12.3.1/thumb/v7-m/nofp\libgcc.a(_arm_fixsfsi.o)
                0x080004d0                __aeabi_f2iz
                0x080004d0                __fixsfsi
 *(.text*)
 .text.Ds18b20_Init
                0x0800051c      0x100 ./Core/Lib/Src/ds18b20.o
                0x0800051c                Ds18b20_Init
 .text.Ds18b20_ManualConvert
                0x0800061c       0xe4 ./Core/Lib/Src/ds18b20.o
                0x0800061c                Ds18b20_ManualConvert
 .text.DS18B20_StartAll
                0x08000700       0x26 ./Core/Lib/Src/ds18b20.o
                0x08000700                DS18B20_StartAll
 *fill*         0x08000726        0x2 
 .text.DS18B20_Read
                0x08000728      0x1e4 ./Core/Lib/Src/ds18b20.o
                0x08000728                DS18B20_Read
 .text.DS18B20_SetResolution
                0x0800090c      0x110 ./Core/Lib/Src/ds18b20.o
                0x0800090c                DS18B20_SetResolution
 .text.DS18B20_Is
                0x08000a1c       0x20 ./Core/Lib/Src/ds18b20.o
                0x08000a1c                DS18B20_Is
 .text.DS18B20_DisableAlarmTemperature
                0x08000a3c       0xb6 ./Core/Lib/Src/ds18b20.o
                0x08000a3c                DS18B20_DisableAlarmTemperature
 .text.DS18B20_AllDone
                0x08000af2       0x18 ./Core/Lib/Src/ds18b20.o
                0x08000af2                DS18B20_AllDone
 *fill*         0x08000b0a        0x2 
 .text.ONEWIRE_DELAY
                0x08000b0c       0x30 ./Core/Lib/Src/onewire.o
                0x08000b0c                ONEWIRE_DELAY
 .text.ONEWIRE_LOW
                0x08000b3c       0x20 ./Core/Lib/Src/onewire.o
                0x08000b3c                ONEWIRE_LOW
 .text.ONEWIRE_HIGH
                0x08000b5c       0x1c ./Core/Lib/Src/onewire.o
                0x08000b5c                ONEWIRE_HIGH
 .text.ONEWIRE_INPUT
                0x08000b78       0x32 ./Core/Lib/Src/onewire.o
                0x08000b78                ONEWIRE_INPUT
 .text.ONEWIRE_OUTPUT
                0x08000baa       0x32 ./Core/Lib/Src/onewire.o
                0x08000baa                ONEWIRE_OUTPUT
 .text.OneWire_Init
                0x08000bdc       0x5c ./Core/Lib/Src/onewire.o
                0x08000bdc                OneWire_Init
 .text.OneWire_Reset
                0x08000c38       0x54 ./Core/Lib/Src/onewire.o
                0x08000c38                OneWire_Reset
 .text.OneWire_WriteBit
                0x08000c8c       0x64 ./Core/Lib/Src/onewire.o
                0x08000c8c                OneWire_WriteBit
 .text.OneWire_ReadBit
                0x08000cf0       0x54 ./Core/Lib/Src/onewire.o
                0x08000cf0                OneWire_ReadBit
 .text.OneWire_WriteByte
                0x08000d44       0x3c ./Core/Lib/Src/onewire.o
                0x08000d44                OneWire_WriteByte
 .text.OneWire_ReadByte
                0x08000d80       0x42 ./Core/Lib/Src/onewire.o
                0x08000d80                OneWire_ReadByte
 .text.OneWire_First
                0x08000dc2       0x20 ./Core/Lib/Src/onewire.o
                0x08000dc2                OneWire_First
 .text.OneWire_Next
                0x08000de2       0x1a ./Core/Lib/Src/onewire.o
                0x08000de2                OneWire_Next
 .text.OneWire_ResetSearch
                0x08000dfc       0x24 ./Core/Lib/Src/onewire.o
                0x08000dfc                OneWire_ResetSearch
 .text.OneWire_Search
                0x08000e20      0x18c ./Core/Lib/Src/onewire.o
                0x08000e20                OneWire_Search
 .text.OneWire_SelectWithPointer
                0x08000fac       0x3e ./Core/Lib/Src/onewire.o
                0x08000fac                OneWire_SelectWithPointer
 .text.OneWire_GetFullROM
                0x08000fea       0x38 ./Core/Lib/Src/onewire.o
                0x08000fea                OneWire_GetFullROM
 .text.OneWire_CRC8
                0x08001022       0x6e ./Core/Lib/Src/onewire.o
                0x08001022                OneWire_CRC8
 .text.init_fnd
                0x08001090       0xc0 ./Core/Src/fnd_controller.o
                0x08001090                init_fnd
 .text.send     0x08001150       0x6c ./Core/Src/fnd_controller.o
                0x08001150                send
 .text.send_port
                0x080011bc       0x44 ./Core/Src/fnd_controller.o
                0x080011bc                send_port
 .text.digit4_temperature
                0x08001200      0x150 ./Core/Src/fnd_controller.o
                0x08001200                digit4_temperature
 .text.main     0x08001350       0x84 ./Core/Src/main.o
                0x08001350                main
 .text.SystemClock_Config
                0x080013d4       0x8a ./Core/Src/main.o
                0x080013d4                SystemClock_Config
 *fill*         0x0800145e        0x2 
 .text.MX_SPI1_Init
                0x08001460       0x6c ./Core/Src/main.o
 .text.MX_TIM2_Init
                0x080014cc       0x98 ./Core/Src/main.o
 .text.MX_USART1_UART_Init
                0x08001564       0x54 ./Core/Src/main.o
 .text.MX_GPIO_Init
                0x080015b8      0x154 ./Core/Src/main.o
 .text.Error_Handler
                0x0800170c        0xc ./Core/Src/main.o
                0x0800170c                Error_Handler
 .text.HAL_MspInit
                0x08001718       0x64 ./Core/Src/stm32f1xx_hal_msp.o
                0x08001718                HAL_MspInit
 .text.HAL_SPI_MspInit
                0x0800177c       0x94 ./Core/Src/stm32f1xx_hal_msp.o
                0x0800177c                HAL_SPI_MspInit
 .text.HAL_TIM_Base_MspInit
                0x08001810       0x48 ./Core/Src/stm32f1xx_hal_msp.o
                0x08001810                HAL_TIM_Base_MspInit
 .text.HAL_UART_MspInit
                0x08001858       0x98 ./Core/Src/stm32f1xx_hal_msp.o
                0x08001858                HAL_UART_MspInit
 .text.NMI_Handler
                0x080018f0        0x8 ./Core/Src/stm32f1xx_it.o
                0x080018f0                NMI_Handler
 .text.HardFault_Handler
                0x080018f8        0x8 ./Core/Src/stm32f1xx_it.o
                0x080018f8                HardFault_Handler
 .text.MemManage_Handler
                0x08001900        0x8 ./Core/Src/stm32f1xx_it.o
                0x08001900                MemManage_Handler
 .text.BusFault_Handler
                0x08001908        0x8 ./Core/Src/stm32f1xx_it.o
                0x08001908                BusFault_Handler
 .text.UsageFault_Handler
                0x08001910        0x8 ./Core/Src/stm32f1xx_it.o
                0x08001910                UsageFault_Handler
 .text.SVC_Handler
                0x08001918        0xc ./Core/Src/stm32f1xx_it.o
                0x08001918                SVC_Handler
 .text.DebugMon_Handler
                0x08001924        0xc ./Core/Src/stm32f1xx_it.o
                0x08001924                DebugMon_Handler
 .text.PendSV_Handler
                0x08001930        0xc ./Core/Src/stm32f1xx_it.o
                0x08001930                PendSV_Handler
 .text.SysTick_Handler
                0x0800193c        0xc ./Core/Src/stm32f1xx_it.o
                0x0800193c                SysTick_Handler
 .text.TIM2_IRQHandler
                0x08001948       0x20 ./Core/Src/stm32f1xx_it.o
                0x08001948                TIM2_IRQHandler
 .text.SystemInit
                0x08001968        0xc ./Core/Src/system_stm32f1xx.o
                0x08001968                SystemInit
 .text.Reset_Handler
                0x08001974       0x48 ./Core/Startup/startup_stm32f103c8tx.o
                0x08001974                Reset_Handler
 .text.Default_Handler
                0x080019bc        0x2 ./Core/Startup/startup_stm32f103c8tx.o
                0x080019bc                RTC_Alarm_IRQHandler
                0x080019bc                EXTI2_IRQHandler
                0x080019bc                TIM1_CC_IRQHandler
                0x080019bc                PVD_IRQHandler
                0x080019bc                EXTI3_IRQHandler
                0x080019bc                EXTI0_IRQHandler
                0x080019bc                I2C2_EV_IRQHandler
                0x080019bc                ADC1_2_IRQHandler
                0x080019bc                SPI1_IRQHandler
                0x080019bc                TAMPER_IRQHandler
                0x080019bc                DMA1_Channel4_IRQHandler
                0x080019bc                USART3_IRQHandler
                0x080019bc                RTC_IRQHandler
                0x080019bc                DMA1_Channel7_IRQHandler
                0x080019bc                CAN1_RX1_IRQHandler
                0x080019bc                TIM4_IRQHandler
                0x080019bc                I2C1_EV_IRQHandler
                0x080019bc                DMA1_Channel6_IRQHandler
                0x080019bc                TIM3_IRQHandler
                0x080019bc                RCC_IRQHandler
                0x080019bc                TIM1_TRG_COM_IRQHandler
                0x080019bc                DMA1_Channel1_IRQHandler
                0x080019bc                Default_Handler
                0x080019bc                EXTI15_10_IRQHandler
                0x080019bc                EXTI9_5_IRQHandler
                0x080019bc                SPI2_IRQHandler
                0x080019bc                DMA1_Channel5_IRQHandler
                0x080019bc                EXTI4_IRQHandler
                0x080019bc                USB_LP_CAN1_RX0_IRQHandler
                0x080019bc                USB_HP_CAN1_TX_IRQHandler
                0x080019bc                DMA1_Channel3_IRQHandler
                0x080019bc                TIM1_UP_IRQHandler
                0x080019bc                WWDG_IRQHandler
                0x080019bc                TIM1_BRK_IRQHandler
                0x080019bc                EXTI1_IRQHandler
                0x080019bc                USART2_IRQHandler
                0x080019bc                I2C2_ER_IRQHandler
                0x080019bc                DMA1_Channel2_IRQHandler
                0x080019bc                CAN1_SCE_IRQHandler
                0x080019bc                FLASH_IRQHandler
                0x080019bc                USART1_IRQHandler
                0x080019bc                I2C1_ER_IRQHandler
                0x080019bc                USBWakeUp_IRQHandler
 *fill*         0x080019be        0x2 
 .text.HAL_Init
                0x080019c0       0x2c ./Drivers/STM32F1xx_HAL_Driver/Src/stm32f1xx_hal.o
                0x080019c0                HAL_Init
 .text.HAL_InitTick
                0x080019ec       0x60 ./Drivers/STM32F1xx_HAL_Driver/Src/stm32f1xx_hal.o
                0x080019ec                HAL_InitTick
 .text.HAL_IncTick
                0x08001a4c       0x24 ./Drivers/STM32F1xx_HAL_Driver/Src/stm32f1xx_hal.o
                0x08001a4c                HAL_IncTick
 .text.HAL_GetTick
                0x08001a70       0x14 ./Drivers/STM32F1xx_HAL_Driver/Src/stm32f1xx_hal.o
                0x08001a70                HAL_GetTick
 .text.HAL_Delay
                0x08001a84       0x48 ./Drivers/STM32F1xx_HAL_Driver/Src/stm32f1xx_hal.o
                0x08001a84                HAL_Delay
 .text.__NVIC_SetPriorityGrouping
                0x08001acc       0x48 ./Drivers/STM32F1xx_HAL_Driver/Src/stm32f1xx_hal_cortex.o
 .text.__NVIC_GetPriorityGrouping
                0x08001b14       0x1c ./Drivers/STM32F1xx_HAL_Driver/Src/stm32f1xx_hal_cortex.o
 .text.__NVIC_EnableIRQ
                0x08001b30       0x38 ./Drivers/STM32F1xx_HAL_Driver/Src/stm32f1xx_hal_cortex.o
 .text.__NVIC_SetPriority
                0x08001b68       0x54 ./Drivers/STM32F1xx_HAL_Driver/Src/stm32f1xx_hal_cortex.o
 .text.NVIC_EncodePriority
                0x08001bbc       0x64 ./Drivers/STM32F1xx_HAL_Driver/Src/stm32f1xx_hal_cortex.o
 .text.SysTick_Config
                0x08001c20       0x44 ./Drivers/STM32F1xx_HAL_Driver/Src/stm32f1xx_hal_cortex.o
 .text.HAL_NVIC_SetPriorityGrouping
                0x08001c64       0x16 ./Drivers/STM32F1xx_HAL_Driver/Src/stm32f1xx_hal_cortex.o
                0x08001c64                HAL_NVIC_SetPriorityGrouping
 .text.HAL_NVIC_SetPriority
                0x08001c7a       0x38 ./Drivers/STM32F1xx_HAL_Driver/Src/stm32f1xx_hal_cortex.o
                0x08001c7a                HAL_NVIC_SetPriority
 .text.HAL_NVIC_EnableIRQ
                0x08001cb2       0x1c ./Drivers/STM32F1xx_HAL_Driver/Src/stm32f1xx_hal_cortex.o
                0x08001cb2                HAL_NVIC_EnableIRQ
 .text.HAL_SYSTICK_Config
                0x08001cce       0x18 ./Drivers/STM32F1xx_HAL_Driver/Src/stm32f1xx_hal_cortex.o
                0x08001cce                HAL_SYSTICK_Config
 *fill*         0x08001ce6        0x2 
 .text.HAL_GPIO_Init
                0x08001ce8      0x308 ./Drivers/STM32F1xx_HAL_Driver/Src/stm32f1xx_hal_gpio.o
                0x08001ce8                HAL_GPIO_Init
 .text.HAL_GPIO_ReadPin
                0x08001ff0       0x2e ./Drivers/STM32F1xx_HAL_Driver/Src/stm32f1xx_hal_gpio.o
                0x08001ff0                HAL_GPIO_ReadPin
 .text.HAL_GPIO_WritePin
                0x0800201e       0x30 ./Drivers/STM32F1xx_HAL_Driver/Src/stm32f1xx_hal_gpio.o
                0x0800201e                HAL_GPIO_WritePin
 *fill*         0x0800204e        0x2 
 .text.HAL_RCC_OscConfig
                0x08002050      0x504 ./Drivers/STM32F1xx_HAL_Driver/Src/stm32f1xx_hal_rcc.o
                0x08002050                HAL_RCC_OscConfig
 .text.HAL_RCC_ClockConfig
                0x08002554      0x1d4 ./Drivers/STM32F1xx_HAL_Driver/Src/stm32f1xx_hal_rcc.o
                0x08002554                HAL_RCC_ClockConfig
 .text.HAL_RCC_GetSysClockFreq
                0x08002728       0xa8 ./Drivers/STM32F1xx_HAL_Driver/Src/stm32f1xx_hal_rcc.o
                0x08002728                HAL_RCC_GetSysClockFreq
 .text.HAL_RCC_GetHCLKFreq
                0x080027d0       0x14 ./Drivers/STM32F1xx_HAL_Driver/Src/stm32f1xx_hal_rcc.o
                0x080027d0                HAL_RCC_GetHCLKFreq
 .text.HAL_RCC_GetPCLK1Freq
                0x080027e4       0x28 ./Drivers/STM32F1xx_HAL_Driver/Src/stm32f1xx_hal_rcc.o
                0x080027e4                HAL_RCC_GetPCLK1Freq
 .text.HAL_RCC_GetPCLK2Freq
                0x0800280c       0x28 ./Drivers/STM32F1xx_HAL_Driver/Src/stm32f1xx_hal_rcc.o
                0x0800280c                HAL_RCC_GetPCLK2Freq
 .text.RCC_Delay
                0x08002834       0x3c ./Drivers/STM32F1xx_HAL_Driver/Src/stm32f1xx_hal_rcc.o
 .text.HAL_SPI_Init
                0x08002870      0x108 ./Drivers/STM32F1xx_HAL_Driver/Src/stm32f1xx_hal_spi.o
                0x08002870                HAL_SPI_Init
 .text.HAL_TIM_Base_Init
                0x08002978       0x9e ./Drivers/STM32F1xx_HAL_Driver/Src/stm32f1xx_hal_tim.o
                0x08002978                HAL_TIM_Base_Init
 *fill*         0x08002a16        0x2 
 .text.HAL_TIM_Base_Start
                0x08002a18       0x94 ./Drivers/STM32F1xx_HAL_Driver/Src/stm32f1xx_hal_tim.o
                0x08002a18                HAL_TIM_Base_Start
 .text.HAL_TIM_Base_Start_IT
                0x08002aac       0xa4 ./Drivers/STM32F1xx_HAL_Driver/Src/stm32f1xx_hal_tim.o
                0x08002aac                HAL_TIM_Base_Start_IT
 .text.HAL_TIM_IRQHandler
                0x08002b50      0x210 ./Drivers/STM32F1xx_HAL_Driver/Src/stm32f1xx_hal_tim.o
                0x08002b50                HAL_TIM_IRQHandler
 .text.HAL_TIM_ConfigClockSource
                0x08002d60      0x18e ./Drivers/STM32F1xx_HAL_Driver/Src/stm32f1xx_hal_tim.o
                0x08002d60                HAL_TIM_ConfigClockSource
 .text.HAL_TIM_PeriodElapsedCallback
                0x08002eee       0x12 ./Drivers/STM32F1xx_HAL_Driver/Src/stm32f1xx_hal_tim.o
                0x08002eee                HAL_TIM_PeriodElapsedCallback
 .text.HAL_TIM_OC_DelayElapsedCallback
                0x08002f00       0x12 ./Drivers/STM32F1xx_HAL_Driver/Src/stm32f1xx_hal_tim.o
                0x08002f00                HAL_TIM_OC_DelayElapsedCallback
 .text.HAL_TIM_IC_CaptureCallback
                0x08002f12       0x12 ./Drivers/STM32F1xx_HAL_Driver/Src/stm32f1xx_hal_tim.o
                0x08002f12                HAL_TIM_IC_CaptureCallback
 .text.HAL_TIM_PWM_PulseFinishedCallback
                0x08002f24       0x12 ./Drivers/STM32F1xx_HAL_Driver/Src/stm32f1xx_hal_tim.o
                0x08002f24                HAL_TIM_PWM_PulseFinishedCallback
 .text.HAL_TIM_TriggerCallback
                0x08002f36       0x12 ./Drivers/STM32F1xx_HAL_Driver/Src/stm32f1xx_hal_tim.o
                0x08002f36                HAL_TIM_TriggerCallback
 .text.TIM_Base_SetConfig
                0x08002f48       0xc4 ./Drivers/STM32F1xx_HAL_Driver/Src/stm32f1xx_hal_tim.o
                0x08002f48                TIM_Base_SetConfig
 .text.TIM_TI1_ConfigInputStage
                0x0800300c       0x5c ./Drivers/STM32F1xx_HAL_Driver/Src/stm32f1xx_hal_tim.o
 .text.TIM_TI2_ConfigInputStage
                0x08003068       0x5e ./Drivers/STM32F1xx_HAL_Driver/Src/stm32f1xx_hal_tim.o
 .text.TIM_ITRx_SetConfig
                0x080030c6       0x34 ./Drivers/STM32F1xx_HAL_Driver/Src/stm32f1xx_hal_tim.o
 .text.TIM_ETR_SetConfig
                0x080030fa       0x3e ./Drivers/STM32F1xx_HAL_Driver/Src/stm32f1xx_hal_tim.o
                0x080030fa                TIM_ETR_SetConfig
 .text.HAL_TIMEx_MasterConfigSynchronization
                0x08003138       0xbc ./Drivers/STM32F1xx_HAL_Driver/Src/stm32f1xx_hal_tim_ex.o
                0x08003138                HAL_TIMEx_MasterConfigSynchronization
 .text.HAL_TIMEx_CommutCallback
                0x080031f4       0x12 ./Drivers/STM32F1xx_HAL_Driver/Src/stm32f1xx_hal_tim_ex.o
                0x080031f4                HAL_TIMEx_CommutCallback
 .text.HAL_TIMEx_BreakCallback
                0x08003206       0x12 ./Drivers/STM32F1xx_HAL_Driver/Src/stm32f1xx_hal_tim_ex.o
                0x08003206                HAL_TIMEx_BreakCallback
 .text.HAL_UART_Init
                0x08003218       0xa0 ./Drivers/STM32F1xx_HAL_Driver/Src/stm32f1xx_hal_uart.o
                0x08003218                HAL_UART_Init
 .text.UART_SetConfig
                0x080032b8      0x11c ./Drivers/STM32F1xx_HAL_Driver/Src/stm32f1xx_hal_uart.o
 .text.memset   0x080033d4       0x10 D:/YongJae/STM32CubeIDE1.15.0/STM32CubeIDE_1.15.0/STM32CubeIDE/plugins/com.st.stm32cube.ide.mcu.externaltools.gnu-tools-for-stm32.12.3.rel1.win32_1.0.100.202403111256/tools/bin/../lib/gcc/arm-none-eabi/12.3.1/../../../../arm-none-eabi/lib/thumb/v7-m/nofp\libc_nano.a(libc_a-memset.o)
                0x080033d4                memset
 .text.__libc_init_array
                0x080033e4       0x48 D:/YongJae/STM32CubeIDE1.15.0/STM32CubeIDE_1.15.0/STM32CubeIDE/plugins/com.st.stm32cube.ide.mcu.externaltools.gnu-tools-for-stm32.12.3.rel1.win32_1.0.100.202403111256/tools/bin/../lib/gcc/arm-none-eabi/12.3.1/../../../../arm-none-eabi/lib/thumb/v7-m/nofp\libc_nano.a(libc_a-init.o)
                0x080033e4                __libc_init_array
 *(.glue_7)
 .glue_7        0x0800342c        0x0 linker stubs
 *(.glue_7t)
 .glue_7t       0x0800342c        0x0 linker stubs
 *(.eh_frame)
 .eh_frame      0x0800342c        0x0 D:/YongJae/STM32CubeIDE1.15.0/STM32CubeIDE_1.15.0/STM32CubeIDE/plugins/com.st.stm32cube.ide.mcu.externaltools.gnu-tools-for-stm32.12.3.rel1.win32_1.0.100.202403111256/tools/bin/../lib/gcc/arm-none-eabi/12.3.1/thumb/v7-m/nofp/crtbegin.o
 *(.init)
 .init          0x0800342c        0x4 D:/YongJae/STM32CubeIDE1.15.0/STM32CubeIDE_1.15.0/STM32CubeIDE/plugins/com.st.stm32cube.ide.mcu.externaltools.gnu-tools-for-stm32.12.3.rel1.win32_1.0.100.202403111256/tools/bin/../lib/gcc/arm-none-eabi/12.3.1/thumb/v7-m/nofp/crti.o
                0x0800342c                _init
 .init          0x08003430        0x8 D:/YongJae/STM32CubeIDE1.15.0/STM32CubeIDE_1.15.0/STM32CubeIDE/plugins/com.st.stm32cube.ide.mcu.externaltools.gnu-tools-for-stm32.12.3.rel1.win32_1.0.100.202403111256/tools/bin/../lib/gcc/arm-none-eabi/12.3.1/thumb/v7-m/nofp/crtn.o
 *(.fini)
 .fini          0x08003438        0x4 D:/YongJae/STM32CubeIDE1.15.0/STM32CubeIDE_1.15.0/STM32CubeIDE/plugins/com.st.stm32cube.ide.mcu.externaltools.gnu-tools-for-stm32.12.3.rel1.win32_1.0.100.202403111256/tools/bin/../lib/gcc/arm-none-eabi/12.3.1/thumb/v7-m/nofp/crti.o
                0x08003438                _fini
 .fini          0x0800343c        0x8 D:/YongJae/STM32CubeIDE1.15.0/STM32CubeIDE_1.15.0/STM32CubeIDE/plugins/com.st.stm32cube.ide.mcu.externaltools.gnu-tools-for-stm32.12.3.rel1.win32_1.0.100.202403111256/tools/bin/../lib/gcc/arm-none-eabi/12.3.1/thumb/v7-m/nofp/crtn.o
                0x08003444                        . = ALIGN (0x4)
                0x08003444                        _etext = .

.vfp11_veneer   0x08003444        0x0
 .vfp11_veneer  0x08003444        0x0 linker stubs

.v4_bx          0x08003444        0x0
 .v4_bx         0x08003444        0x0 linker stubs

.iplt           0x08003444        0x0
 .iplt          0x08003444        0x0 D:/YongJae/STM32CubeIDE1.15.0/STM32CubeIDE_1.15.0/STM32CubeIDE/plugins/com.st.stm32cube.ide.mcu.externaltools.gnu-tools-for-stm32.12.3.rel1.win32_1.0.100.202403111256/tools/bin/../lib/gcc/arm-none-eabi/12.3.1/thumb/v7-m/nofp/crtbegin.o

.rodata         0x08003444       0x2c
                0x08003444                        . = ALIGN (0x4)
 *(.rodata)
 *(.rodata*)
 .rodata.AHBPrescTable
                0x08003444       0x10 ./Core/Src/system_stm32f1xx.o
                0x08003444                AHBPrescTable
 .rodata.APBPrescTable
                0x08003454        0x8 ./Core/Src/system_stm32f1xx.o
                0x08003454                APBPrescTable
 .rodata.aPLLMULFactorTable.1
                0x0800345c       0x10 ./Drivers/STM32F1xx_HAL_Driver/Src/stm32f1xx_hal_rcc.o
 .rodata.aPredivFactorTable.0
                0x0800346c        0x2 ./Drivers/STM32F1xx_HAL_Driver/Src/stm32f1xx_hal_rcc.o
                0x08003470                        . = ALIGN (0x4)
 *fill*         0x0800346e        0x2 

.ARM.extab      0x08003470        0x0
                0x08003470                        . = ALIGN (0x4)
 *(.ARM.extab* .gnu.linkonce.armextab.*)
                0x08003470                        . = ALIGN (0x4)

.ARM            0x08003470        0x0
                0x08003470                        . = ALIGN (0x4)
                0x08003470                        __exidx_start = .
 *(.ARM.exidx*)
                0x08003470                        __exidx_end = .
                0x08003470                        . = ALIGN (0x4)

.preinit_array  0x08003470        0x0
                0x08003470                        . = ALIGN (0x4)
                0x08003470                        PROVIDE (__preinit_array_start = .)
 *(.preinit_array*)
                0x08003470                        PROVIDE (__preinit_array_end = .)
                0x08003470                        . = ALIGN (0x4)

.init_array     0x08003470        0x4
                0x08003470                        . = ALIGN (0x4)
                0x08003470                        PROVIDE (__init_array_start = .)
 *(SORT_BY_NAME(.init_array.*))
 *(.init_array*)
 .init_array    0x08003470        0x4 D:/YongJae/STM32CubeIDE1.15.0/STM32CubeIDE_1.15.0/STM32CubeIDE/plugins/com.st.stm32cube.ide.mcu.externaltools.gnu-tools-for-stm32.12.3.rel1.win32_1.0.100.202403111256/tools/bin/../lib/gcc/arm-none-eabi/12.3.1/thumb/v7-m/nofp/crtbegin.o
                0x08003474                        PROVIDE (__init_array_end = .)
                0x08003474                        . = ALIGN (0x4)

.fini_array     0x08003474        0x4
                0x08003474                        . = ALIGN (0x4)
                [!provide]                        PROVIDE (__fini_array_start = .)
 *(SORT_BY_NAME(.fini_array.*))
 *(.fini_array*)
 .fini_array    0x08003474        0x4 D:/YongJae/STM32CubeIDE1.15.0/STM32CubeIDE_1.15.0/STM32CubeIDE/plugins/com.st.stm32cube.ide.mcu.externaltools.gnu-tools-for-stm32.12.3.rel1.win32_1.0.100.202403111256/tools/bin/../lib/gcc/arm-none-eabi/12.3.1/thumb/v7-m/nofp/crtbegin.o
                [!provide]                        PROVIDE (__fini_array_end = .)
                0x08003478                        . = ALIGN (0x4)
                0x08003478                        _sidata = LOADADDR (.data)

.rel.dyn        0x08003478        0x0
 .rel.iplt      0x08003478        0x0 D:/YongJae/STM32CubeIDE1.15.0/STM32CubeIDE_1.15.0/STM32CubeIDE/plugins/com.st.stm32cube.ide.mcu.externaltools.gnu-tools-for-stm32.12.3.rel1.win32_1.0.100.202403111256/tools/bin/../lib/gcc/arm-none-eabi/12.3.1/thumb/v7-m/nofp/crtbegin.o

.data           0x20000000        0xc load address 0x08003478
                0x20000000                        . = ALIGN (0x4)
                0x20000000                        _sdata = .
 *(.data)
 *(.data*)
 .data.SystemCoreClock
                0x20000000        0x4 ./Core/Src/system_stm32f1xx.o
                0x20000000                SystemCoreClock
 .data.uwTickPrio
                0x20000004        0x4 ./Drivers/STM32F1xx_HAL_Driver/Src/stm32f1xx_hal.o
                0x20000004                uwTickPrio
 .data.uwTickFreq
                0x20000008        0x1 ./Drivers/STM32F1xx_HAL_Driver/Src/stm32f1xx_hal.o
                0x20000008                uwTickFreq
 *(.RamFunc)
 *(.RamFunc*)
                0x2000000c                        . = ALIGN (0x4)
 *fill*         0x20000009        0x3 
                0x2000000c                        _edata = .

.igot.plt       0x2000000c        0x0 load address 0x08003484
 .igot.plt      0x2000000c        0x0 D:/YongJae/STM32CubeIDE1.15.0/STM32CubeIDE_1.15.0/STM32CubeIDE/plugins/com.st.stm32cube.ide.mcu.externaltools.gnu-tools-for-stm32.12.3.rel1.win32_1.0.100.202403111256/tools/bin/../lib/gcc/arm-none-eabi/12.3.1/thumb/v7-m/nofp/crtbegin.o
                0x2000000c                        . = ALIGN (0x4)

.bss            0x2000000c      0x154 load address 0x08003484
                0x2000000c                        _sbss = .
                0x2000000c                        __bss_start__ = _sbss
 *(.bss)
 .bss           0x2000000c       0x1c D:/YongJae/STM32CubeIDE1.15.0/STM32CubeIDE_1.15.0/STM32CubeIDE/plugins/com.st.stm32cube.ide.mcu.externaltools.gnu-tools-for-stm32.12.3.rel1.win32_1.0.100.202403111256/tools/bin/../lib/gcc/arm-none-eabi/12.3.1/thumb/v7-m/nofp/crtbegin.o
 *(.bss*)
 .bss.ds18b20   0x20000028       0x10 ./Core/Lib/Src/ds18b20.o
                0x20000028                ds18b20
 .bss.OneWire   0x20000038       0x14 ./Core/Lib/Src/ds18b20.o
                0x20000038                OneWire
 .bss.OneWireDevices
                0x2000004c        0x1 ./Core/Lib/Src/ds18b20.o
                0x2000004c                OneWireDevices
 .bss.TempSensorCount
                0x2000004d        0x1 ./Core/Lib/Src/ds18b20.o
                0x2000004d                TempSensorCount
 .bss.Ds18b20Timeout
                0x2000004e        0x2 ./Core/Lib/Src/ds18b20.o
                0x2000004e                Ds18b20Timeout
 .bss._LED_0F   0x20000050       0x1d ./Core/Src/fnd_controller.o
                0x20000050                _LED_0F
 *fill*         0x2000006d        0x3 
 .bss.hspi1     0x20000070       0x58 ./Core/Src/main.o
                0x20000070                hspi1
 .bss.htim2     0x200000c8       0x48 ./Core/Src/main.o
                0x200000c8                htim2
 .bss.huart1    0x20000110       0x48 ./Core/Src/main.o
                0x20000110                huart1
 .bss.m_time    0x20000158        0x4 ./Core/Src/stm32f1xx_it.o
 .bss.uwTick    0x2000015c        0x4 ./Drivers/STM32F1xx_HAL_Driver/Src/stm32f1xx_hal.o
                0x2000015c                uwTick
 *(COMMON)
                0x20000160                        . = ALIGN (0x4)
                0x20000160                        _ebss = .
                0x20000160                        __bss_end__ = _ebss

._user_heap_stack
                0x20000160      0x600 load address 0x08003484
                0x20000160                        . = ALIGN (0x8)
                [!provide]                        PROVIDE (end = .)
                0x20000160                        PROVIDE (_end = .)
                0x20000360                        . = (. + _Min_Heap_Size)
 *fill*         0x20000160      0x200 
                0x20000760                        . = (. + _Min_Stack_Size)
 *fill*         0x20000360      0x400 
                0x20000760                        . = ALIGN (0x8)

/DISCARD/
 libc.a(*)
 libm.a(*)
 libgcc.a(*)

.ARM.attributes
                0x00000000       0x29
 *(.ARM.attributes)
 .ARM.attributes
                0x00000000       0x1d D:/YongJae/STM32CubeIDE1.15.0/STM32CubeIDE_1.15.0/STM32CubeIDE/plugins/com.st.stm32cube.ide.mcu.externaltools.gnu-tools-for-stm32.12.3.rel1.win32_1.0.100.202403111256/tools/bin/../lib/gcc/arm-none-eabi/12.3.1/thumb/v7-m/nofp/crti.o
 .ARM.attributes
                0x0000001d       0x2d D:/YongJae/STM32CubeIDE1.15.0/STM32CubeIDE_1.15.0/STM32CubeIDE/plugins/com.st.stm32cube.ide.mcu.externaltools.gnu-tools-for-stm32.12.3.rel1.win32_1.0.100.202403111256/tools/bin/../lib/gcc/arm-none-eabi/12.3.1/thumb/v7-m/nofp/crtbegin.o
 .ARM.attributes
                0x0000004a       0x2d ./Core/Lib/Src/ds18b20.o
 .ARM.attributes
                0x00000077       0x2d ./Core/Lib/Src/onewire.o
 .ARM.attributes
                0x000000a4       0x2d ./Core/Src/fnd_controller.o
 .ARM.attributes
                0x000000d1       0x2d ./Core/Src/main.o
 .ARM.attributes
                0x000000fe       0x2d ./Core/Src/stm32f1xx_hal_msp.o
 .ARM.attributes
                0x0000012b       0x2d ./Core/Src/stm32f1xx_it.o
 .ARM.attributes
                0x00000158       0x2d ./Core/Src/system_stm32f1xx.o
 .ARM.attributes
                0x00000185       0x21 ./Core/Startup/startup_stm32f103c8tx.o
 .ARM.attributes
                0x000001a6       0x2d ./Drivers/STM32F1xx_HAL_Driver/Src/stm32f1xx_hal.o
 .ARM.attributes
                0x000001d3       0x2d ./Drivers/STM32F1xx_HAL_Driver/Src/stm32f1xx_hal_cortex.o
 .ARM.attributes
                0x00000200       0x2d ./Drivers/STM32F1xx_HAL_Driver/Src/stm32f1xx_hal_gpio.o
 .ARM.attributes
                0x0000022d       0x2d ./Drivers/STM32F1xx_HAL_Driver/Src/stm32f1xx_hal_rcc.o
 .ARM.attributes
                0x0000025a       0x2d ./Drivers/STM32F1xx_HAL_Driver/Src/stm32f1xx_hal_spi.o
 .ARM.attributes
                0x00000287       0x2d ./Drivers/STM32F1xx_HAL_Driver/Src/stm32f1xx_hal_tim.o
 .ARM.attributes
                0x000002b4       0x2d ./Drivers/STM32F1xx_HAL_Driver/Src/stm32f1xx_hal_tim_ex.o
 .ARM.attributes
                0x000002e1       0x2d ./Drivers/STM32F1xx_HAL_Driver/Src/stm32f1xx_hal_uart.o
 .ARM.attributes
                0x0000030e       0x2d D:/YongJae/STM32CubeIDE1.15.0/STM32CubeIDE_1.15.0/STM32CubeIDE/plugins/com.st.stm32cube.ide.mcu.externaltools.gnu-tools-for-stm32.12.3.rel1.win32_1.0.100.202403111256/tools/bin/../lib/gcc/arm-none-eabi/12.3.1/../../../../arm-none-eabi/lib/thumb/v7-m/nofp\libc_nano.a(libc_a-memset.o)
 .ARM.attributes
                0x0000033b       0x2d D:/YongJae/STM32CubeIDE1.15.0/STM32CubeIDE_1.15.0/STM32CubeIDE/plugins/com.st.stm32cube.ide.mcu.externaltools.gnu-tools-for-stm32.12.3.rel1.win32_1.0.100.202403111256/tools/bin/../lib/gcc/arm-none-eabi/12.3.1/../../../../arm-none-eabi/lib/thumb/v7-m/nofp\libc_nano.a(libc_a-init.o)
 .ARM.attributes
                0x00000368       0x1d D:/YongJae/STM32CubeIDE1.15.0/STM32CubeIDE_1.15.0/STM32CubeIDE/plugins/com.st.stm32cube.ide.mcu.externaltools.gnu-tools-for-stm32.12.3.rel1.win32_1.0.100.202403111256/tools/bin/../lib/gcc/arm-none-eabi/12.3.1/thumb/v7-m/nofp\libgcc.a(_arm_mulsf3.o)
 .ARM.attributes
                0x00000385       0x1d D:/YongJae/STM32CubeIDE1.15.0/STM32CubeIDE_1.15.0/STM32CubeIDE/plugins/com.st.stm32cube.ide.mcu.externaltools.gnu-tools-for-stm32.12.3.rel1.win32_1.0.100.202403111256/tools/bin/../lib/gcc/arm-none-eabi/12.3.1/thumb/v7-m/nofp\libgcc.a(_arm_addsubsf3.o)
 .ARM.attributes
                0x000003a2       0x1d D:/YongJae/STM32CubeIDE1.15.0/STM32CubeIDE_1.15.0/STM32CubeIDE/plugins/com.st.stm32cube.ide.mcu.externaltools.gnu-tools-for-stm32.12.3.rel1.win32_1.0.100.202403111256/tools/bin/../lib/gcc/arm-none-eabi/12.3.1/thumb/v7-m/nofp\libgcc.a(_arm_fixsfsi.o)
 .ARM.attributes
                0x000003bf       0x1d D:/YongJae/STM32CubeIDE1.15.0/STM32CubeIDE_1.15.0/STM32CubeIDE/plugins/com.st.stm32cube.ide.mcu.externaltools.gnu-tools-for-stm32.12.3.rel1.win32_1.0.100.202403111256/tools/bin/../lib/gcc/arm-none-eabi/12.3.1/thumb/v7-m/nofp/crtn.o
OUTPUT(pepper_dryer.elf elf32-littlearm)
LOAD linker stubs
LOAD D:/YongJae/STM32CubeIDE1.15.0/STM32CubeIDE_1.15.0/STM32CubeIDE/plugins/com.st.stm32cube.ide.mcu.externaltools.gnu-tools-for-stm32.12.3.rel1.win32_1.0.100.202403111256/tools/bin/../lib/gcc/arm-none-eabi/12.3.1/../../../../arm-none-eabi/lib/thumb/v7-m/nofp\libc.a
LOAD D:/YongJae/STM32CubeIDE1.15.0/STM32CubeIDE_1.15.0/STM32CubeIDE/plugins/com.st.stm32cube.ide.mcu.externaltools.gnu-tools-for-stm32.12.3.rel1.win32_1.0.100.202403111256/tools/bin/../lib/gcc/arm-none-eabi/12.3.1/../../../../arm-none-eabi/lib/thumb/v7-m/nofp\libm.a
LOAD D:/YongJae/STM32CubeIDE1.15.0/STM32CubeIDE_1.15.0/STM32CubeIDE/plugins/com.st.stm32cube.ide.mcu.externaltools.gnu-tools-for-stm32.12.3.rel1.win32_1.0.100.202403111256/tools/bin/../lib/gcc/arm-none-eabi/12.3.1/thumb/v7-m/nofp\libgcc.a

.debug_info     0x00000000     0xe6ad
 .debug_info    0x00000000      0x7f8 ./Core/Lib/Src/ds18b20.o
 .debug_info    0x000007f8      0xda2 ./Core/Lib/Src/onewire.o
 .debug_info    0x0000159a      0x448 ./Core/Src/fnd_controller.o
 .debug_info    0x000019e2     0x121d ./Core/Src/main.o
 .debug_info    0x00002bff     0x101d ./Core/Src/stm32f1xx_hal_msp.o
 .debug_info    0x00003c1c      0x6b3 ./Core/Src/stm32f1xx_it.o
 .debug_info    0x000042cf      0x222 ./Core/Src/system_stm32f1xx.o
 .debug_info    0x000044f1       0x30 ./Core/Startup/startup_stm32f103c8tx.o
 .debug_info    0x00004521      0x704 ./Drivers/STM32F1xx_HAL_Driver/Src/stm32f1xx_hal.o
 .debug_info    0x00004c25      0xa87 ./Drivers/STM32F1xx_HAL_Driver/Src/stm32f1xx_hal_cortex.o
 .debug_info    0x000056ac      0x5ab ./Drivers/STM32F1xx_HAL_Driver/Src/stm32f1xx_hal_gpio.o
 .debug_info    0x00005c57      0x7d5 ./Drivers/STM32F1xx_HAL_Driver/Src/stm32f1xx_hal_rcc.o
 .debug_info    0x0000642c     0x1503 ./Drivers/STM32F1xx_HAL_Driver/Src/stm32f1xx_hal_spi.o
 .debug_info    0x0000792f     0x293b ./Drivers/STM32F1xx_HAL_Driver/Src/stm32f1xx_hal_tim.o
 .debug_info    0x0000a26a     0x149b ./Drivers/STM32F1xx_HAL_Driver/Src/stm32f1xx_hal_tim_ex.o
 .debug_info    0x0000b705     0x2fa8 ./Drivers/STM32F1xx_HAL_Driver/Src/stm32f1xx_hal_uart.o

.debug_abbrev   0x00000000     0x2314
 .debug_abbrev  0x00000000      0x2ab ./Core/Lib/Src/ds18b20.o
 .debug_abbrev  0x000002ab      0x313 ./Core/Lib/Src/onewire.o
 .debug_abbrev  0x000005be      0x15f ./Core/Src/fnd_controller.o
 .debug_abbrev  0x0000071d      0x329 ./Core/Src/main.o
 .debug_abbrev  0x00000a46      0x1de ./Core/Src/stm32f1xx_hal_msp.o
 .debug_abbrev  0x00000c24      0x1a2 ./Core/Src/stm32f1xx_it.o
 .debug_abbrev  0x00000dc6      0x13f ./Core/Src/system_stm32f1xx.o
 .debug_abbrev  0x00000f05       0x24 ./Core/Startup/startup_stm32f103c8tx.o
 .debug_abbrev  0x00000f29      0x201 ./Drivers/STM32F1xx_HAL_Driver/Src/stm32f1xx_hal.o
 .debug_abbrev  0x0000112a      0x2f8 ./Drivers/STM32F1xx_HAL_Driver/Src/stm32f1xx_hal_cortex.o
 .debug_abbrev  0x00001422      0x1ca ./Drivers/STM32F1xx_HAL_Driver/Src/stm32f1xx_hal_gpio.o
 .debug_abbrev  0x000015ec      0x2b3 ./Drivers/STM32F1xx_HAL_Driver/Src/stm32f1xx_hal_rcc.o
 .debug_abbrev  0x0000189f      0x284 ./Drivers/STM32F1xx_HAL_Driver/Src/stm32f1xx_hal_spi.o
 .debug_abbrev  0x00001b23      0x277 ./Drivers/STM32F1xx_HAL_Driver/Src/stm32f1xx_hal_tim.o
 .debug_abbrev  0x00001d9a      0x282 ./Drivers/STM32F1xx_HAL_Driver/Src/stm32f1xx_hal_tim_ex.o
 .debug_abbrev  0x0000201c      0x2f8 ./Drivers/STM32F1xx_HAL_Driver/Src/stm32f1xx_hal_uart.o

.debug_aranges  0x00000000      0xef8
 .debug_aranges
                0x00000000       0x80 ./Core/Lib/Src/ds18b20.o
 .debug_aranges
                0x00000080       0xd0 ./Core/Lib/Src/onewire.o
 .debug_aranges
                0x00000150       0x70 ./Core/Src/fnd_controller.o
 .debug_aranges
                0x000001c0       0x58 ./Core/Src/main.o
 .debug_aranges
                0x00000218       0x50 ./Core/Src/stm32f1xx_hal_msp.o
 .debug_aranges
                0x00000268       0x68 ./Core/Src/stm32f1xx_it.o
 .debug_aranges
                0x000002d0       0x28 ./Core/Src/system_stm32f1xx.o
 .debug_aranges
                0x000002f8       0x28 ./Core/Startup/startup_stm32f103c8tx.o
 .debug_aranges
                0x00000320       0xe0 ./Drivers/STM32F1xx_HAL_Driver/Src/stm32f1xx_hal.o
 .debug_aranges
                0x00000400      0x100 ./Drivers/STM32F1xx_HAL_Driver/Src/stm32f1xx_hal_cortex.o
 .debug_aranges
                0x00000500       0x58 ./Drivers/STM32F1xx_HAL_Driver/Src/stm32f1xx_hal_gpio.o
 .debug_aranges
                0x00000558       0x90 ./Drivers/STM32F1xx_HAL_Driver/Src/stm32f1xx_hal_rcc.o
 .debug_aranges
                0x000005e8      0x1d0 ./Drivers/STM32F1xx_HAL_Driver/Src/stm32f1xx_hal_spi.o
 .debug_aranges
                0x000007b8      0x3d0 ./Drivers/STM32F1xx_HAL_Driver/Src/stm32f1xx_hal_tim.o
 .debug_aranges
                0x00000b88      0x168 ./Drivers/STM32F1xx_HAL_Driver/Src/stm32f1xx_hal_tim_ex.o
 .debug_aranges
                0x00000cf0      0x208 ./Drivers/STM32F1xx_HAL_Driver/Src/stm32f1xx_hal_uart.o

.debug_rnglists
                0x00000000      0xbb6
 .debug_rnglists
                0x00000000       0x62 ./Core/Lib/Src/ds18b20.o
 .debug_rnglists
                0x00000062       0x99 ./Core/Lib/Src/onewire.o
 .debug_rnglists
                0x000000fb       0x53 ./Core/Src/fnd_controller.o
 .debug_rnglists
                0x0000014e       0x41 ./Core/Src/main.o
 .debug_rnglists
                0x0000018f       0x39 ./Core/Src/stm32f1xx_hal_msp.o
 .debug_rnglists
                0x000001c8       0x49 ./Core/Src/stm32f1xx_it.o
 .debug_rnglists
                0x00000211       0x1a ./Core/Src/system_stm32f1xx.o
 .debug_rnglists
                0x0000022b       0x19 ./Core/Startup/startup_stm32f103c8tx.o
 .debug_rnglists
                0x00000244       0xa3 ./Drivers/STM32F1xx_HAL_Driver/Src/stm32f1xx_hal.o
 .debug_rnglists
                0x000002e7       0xbb ./Drivers/STM32F1xx_HAL_Driver/Src/stm32f1xx_hal_cortex.o
 .debug_rnglists
                0x000003a2       0x3f ./Drivers/STM32F1xx_HAL_Driver/Src/stm32f1xx_hal_gpio.o
 .debug_rnglists
                0x000003e1       0x6c ./Drivers/STM32F1xx_HAL_Driver/Src/stm32f1xx_hal_rcc.o
 .debug_rnglists
                0x0000044d      0x16e ./Drivers/STM32F1xx_HAL_Driver/Src/stm32f1xx_hal_spi.o
 .debug_rnglists
                0x000005bb      0x31a ./Drivers/STM32F1xx_HAL_Driver/Src/stm32f1xx_hal_tim.o
 .debug_rnglists
                0x000008d5      0x125 ./Drivers/STM32F1xx_HAL_Driver/Src/stm32f1xx_hal_tim_ex.o
 .debug_rnglists
                0x000009fa      0x1bc ./Drivers/STM32F1xx_HAL_Driver/Src/stm32f1xx_hal_uart.o

.debug_macro    0x00000000    0x18043
 .debug_macro   0x00000000      0x1ec ./Core/Lib/Src/ds18b20.o
 .debug_macro   0x000001ec      0xaa8 ./Core/Lib/Src/ds18b20.o
 .debug_macro   0x00000c94      0x221 ./Core/Lib/Src/ds18b20.o
 .debug_macro   0x00000eb5       0x2e ./Core/Lib/Src/ds18b20.o
 .debug_macro   0x00000ee3       0x22 ./Core/Lib/Src/ds18b20.o
 .debug_macro   0x00000f05       0x22 ./Core/Lib/Src/ds18b20.o
 .debug_macro   0x00000f27       0x8e ./Core/Lib/Src/ds18b20.o
 .debug_macro   0x00000fb5       0x51 ./Core/Lib/Src/ds18b20.o
 .debug_macro   0x00001006      0x103 ./Core/Lib/Src/ds18b20.o
 .debug_macro   0x00001109       0x6a ./Core/Lib/Src/ds18b20.o
 .debug_macro   0x00001173      0x1df ./Core/Lib/Src/ds18b20.o
 .debug_macro   0x00001352       0x1c ./Core/Lib/Src/ds18b20.o
 .debug_macro   0x0000136e       0x22 ./Core/Lib/Src/ds18b20.o
 .debug_macro   0x00001390       0xbd ./Core/Lib/Src/ds18b20.o
 .debug_macro   0x0000144d      0xd23 ./Core/Lib/Src/ds18b20.o
 .debug_macro   0x00002170     0xe09e ./Core/Lib/Src/ds18b20.o
 .debug_macro   0x0001020e       0x6d ./Core/Lib/Src/ds18b20.o
 .debug_macro   0x0001027b     0x348d ./Core/Lib/Src/ds18b20.o
 .debug_macro   0x00013708      0x189 ./Core/Lib/Src/ds18b20.o
 .debug_macro   0x00013891       0x5c ./Core/Lib/Src/ds18b20.o
 .debug_macro   0x000138ed      0x5bc ./Core/Lib/Src/ds18b20.o
 .debug_macro   0x00013ea9      0x289 ./Core/Lib/Src/ds18b20.o
 .debug_macro   0x00014132      0x1cb ./Core/Lib/Src/ds18b20.o
 .debug_macro   0x000142fd      0x114 ./Core/Lib/Src/ds18b20.o
 .debug_macro   0x00014411      0x1b2 ./Core/Lib/Src/ds18b20.o
 .debug_macro   0x000145c3       0x27 ./Core/Lib/Src/ds18b20.o
 .debug_macro   0x000145ea      0x136 ./Core/Lib/Src/ds18b20.o
 .debug_macro   0x00014720      0x1bc ./Core/Lib/Src/ds18b20.o
 .debug_macro   0x000148dc       0x34 ./Core/Lib/Src/ds18b20.o
 .debug_macro   0x00014910       0x3c ./Core/Lib/Src/ds18b20.o
 .debug_macro   0x0001494c       0x57 ./Core/Lib/Src/ds18b20.o
 .debug_macro   0x000149a3       0x87 ./Core/Lib/Src/ds18b20.o
 .debug_macro   0x00014a2a      0x240 ./Core/Lib/Src/ds18b20.o
 .debug_macro   0x00014c6a      0x140 ./Core/Lib/Src/ds18b20.o
 .debug_macro   0x00014daa      0x217 ./Core/Lib/Src/ds18b20.o
 .debug_macro   0x00014fc1      0x8ed ./Core/Lib/Src/ds18b20.o
 .debug_macro   0x000158ae      0x28e ./Core/Lib/Src/ds18b20.o
 .debug_macro   0x00015b3c       0x83 ./Core/Lib/Src/ds18b20.o
 .debug_macro   0x00015bbf       0x64 ./Core/Lib/Src/ds18b20.o
 .debug_macro   0x00015c23       0x40 ./Core/Lib/Src/ds18b20.o
 .debug_macro   0x00015c63       0x2e ./Core/Lib/Src/ds18b20.o
 .debug_macro   0x00015c91       0x22 ./Core/Lib/Src/ds18b20.o
 .debug_macro   0x00015cb3       0x46 ./Core/Lib/Src/ds18b20.o
 .debug_macro   0x00015cf9      0x1d4 ./Core/Lib/Src/onewire.o
 .debug_macro   0x00015ecd      0x1de ./Core/Src/fnd_controller.o
 .debug_macro   0x000160ab      0x2c8 ./Core/Src/main.o
 .debug_macro   0x00016373       0x61 ./Core/Src/main.o
 .debug_macro   0x000163d4       0x24 ./Core/Src/main.o
 .debug_macro   0x000163f8       0x43 ./Core/Src/main.o
 .debug_macro   0x0001643b       0x34 ./Core/Src/main.o
 .debug_macro   0x0001646f       0x16 ./Core/Src/main.o
 .debug_macro   0x00016485       0x35 ./Core/Src/main.o
 .debug_macro   0x000164ba      0x369 ./Core/Src/main.o
 .debug_macro   0x00016823       0x10 ./Core/Src/main.o
 .debug_macro   0x00016833       0x16 ./Core/Src/main.o
 .debug_macro   0x00016849       0x43 ./Core/Src/main.o
 .debug_macro   0x0001688c       0x34 ./Core/Src/main.o
 .debug_macro   0x000168c0       0x10 ./Core/Src/main.o
 .debug_macro   0x000168d0       0x58 ./Core/Src/main.o
 .debug_macro   0x00016928       0x8e ./Core/Src/main.o
 .debug_macro   0x000169b6       0x1c ./Core/Src/main.o
 .debug_macro   0x000169d2      0x177 ./Core/Src/main.o
 .debug_macro   0x00016b49       0x16 ./Core/Src/main.o
 .debug_macro   0x00016b5f       0x16 ./Core/Src/main.o
 .debug_macro   0x00016b75      0x146 ./Core/Src/main.o
 .debug_macro   0x00016cbb       0x46 ./Core/Src/main.o
 .debug_macro   0x00016d01      0x1bc ./Core/Src/stm32f1xx_hal_msp.o
 .debug_macro   0x00016ebd      0x1c6 ./Core/Src/stm32f1xx_it.o
 .debug_macro   0x00017083      0x1ad ./Core/Src/system_stm32f1xx.o
 .debug_macro   0x00017230      0x1d1 ./Drivers/STM32F1xx_HAL_Driver/Src/stm32f1xx_hal.o
 .debug_macro   0x00017401      0x1ad ./Drivers/STM32F1xx_HAL_Driver/Src/stm32f1xx_hal_cortex.o
 .debug_macro   0x000175ae      0x218 ./Drivers/STM32F1xx_HAL_Driver/Src/stm32f1xx_hal_gpio.o
 .debug_macro   0x000177c6      0x1bf ./Drivers/STM32F1xx_HAL_Driver/Src/stm32f1xx_hal_rcc.o
 .debug_macro   0x00017985      0x1b5 ./Drivers/STM32F1xx_HAL_Driver/Src/stm32f1xx_hal_spi.o
 .debug_macro   0x00017b3a      0x1ae ./Drivers/STM32F1xx_HAL_Driver/Src/stm32f1xx_hal_tim.o
 .debug_macro   0x00017ce8      0x1ad ./Drivers/STM32F1xx_HAL_Driver/Src/stm32f1xx_hal_tim_ex.o
 .debug_macro   0x00017e95      0x1ae ./Drivers/STM32F1xx_HAL_Driver/Src/stm32f1xx_hal_uart.o

.debug_line     0x00000000    0x10276
 .debug_line    0x00000000      0xb4a ./Core/Lib/Src/ds18b20.o
 .debug_line    0x00000b4a      0xc37 ./Core/Lib/Src/onewire.o
 .debug_line    0x00001781      0x91b ./Core/Src/fnd_controller.o
 .debug_line    0x0000209c      0xab8 ./Core/Src/main.o
 .debug_line    0x00002b54      0x7cd ./Core/Src/stm32f1xx_hal_msp.o
 .debug_line    0x00003321      0x7c9 ./Core/Src/stm32f1xx_it.o
 .debug_line    0x00003aea      0x76a ./Core/Src/system_stm32f1xx.o
 .debug_line    0x00004254       0x78 ./Core/Startup/startup_stm32f103c8tx.o
 .debug_line    0x000042cc      0x997 ./Drivers/STM32F1xx_HAL_Driver/Src/stm32f1xx_hal.o
 .debug_line    0x00004c63      0xb83 ./Drivers/STM32F1xx_HAL_Driver/Src/stm32f1xx_hal_cortex.o
 .debug_line    0x000057e6      0xa30 ./Drivers/STM32F1xx_HAL_Driver/Src/stm32f1xx_hal_gpio.o
 .debug_line    0x00006216      0xda0 ./Drivers/STM32F1xx_HAL_Driver/Src/stm32f1xx_hal_rcc.o
 .debug_line    0x00006fb6     0x1c49 ./Drivers/STM32F1xx_HAL_Driver/Src/stm32f1xx_hal_spi.o
 .debug_line    0x00008bff     0x34a1 ./Drivers/STM32F1xx_HAL_Driver/Src/stm32f1xx_hal_tim.o
 .debug_line    0x0000c0a0     0x18f6 ./Drivers/STM32F1xx_HAL_Driver/Src/stm32f1xx_hal_tim_ex.o
 .debug_line    0x0000d996     0x28e0 ./Drivers/STM32F1xx_HAL_Driver/Src/stm32f1xx_hal_uart.o

.debug_str      0x00000000    0x8c231
 .debug_str     0x00000000    0x84f65 ./Core/Lib/Src/ds18b20.o
                              0x852dd (size before relaxing)
 .debug_str     0x00084f65      0x67a ./Core/Lib/Src/onewire.o
                              0x855e3 (size before relaxing)
 .debug_str     0x000855df       0xe8 ./Core/Src/fnd_controller.o
                              0x84cfd (size before relaxing)
 .debug_str     0x000856c7     0x3d81 ./Core/Src/main.o
                              0x8930a (size before relaxing)
 .debug_str     0x00089448      0x39b ./Core/Src/stm32f1xx_hal_msp.o
                              0x85888 (size before relaxing)
 .debug_str     0x000897e3       0xf3 ./Core/Src/stm32f1xx_it.o
                              0x85137 (size before relaxing)
 .debug_str     0x000898d6       0x7e ./Core/Src/system_stm32f1xx.o
                              0x84aab (size before relaxing)
 .debug_str     0x00089954       0x44 ./Core/Startup/startup_stm32f103c8tx.o
                                 0x71 (size before relaxing)
 .debug_str     0x00089998      0x36e ./Drivers/STM32F1xx_HAL_Driver/Src/stm32f1xx_hal.o
                              0x851de (size before relaxing)
 .debug_str     0x00089d06      0x294 ./Drivers/STM32F1xx_HAL_Driver/Src/stm32f1xx_hal_cortex.o
                              0x8512a (size before relaxing)
 .debug_str     0x00089f9a      0x2c1 ./Drivers/STM32F1xx_HAL_Driver/Src/stm32f1xx_hal_gpio.o
                              0x84e31 (size before relaxing)
 .debug_str     0x0008a25b      0x229 ./Drivers/STM32F1xx_HAL_Driver/Src/stm32f1xx_hal_rcc.o
                              0x84eda (size before relaxing)
 .debug_str     0x0008a484      0x567 ./Drivers/STM32F1xx_HAL_Driver/Src/stm32f1xx_hal_spi.o
                              0x853d7 (size before relaxing)
 .debug_str     0x0008a9eb      0xdb8 ./Drivers/STM32F1xx_HAL_Driver/Src/stm32f1xx_hal_tim.o
                              0x85ecc (size before relaxing)
 .debug_str     0x0008b7a3      0x493 ./Drivers/STM32F1xx_HAL_Driver/Src/stm32f1xx_hal_tim_ex.o
                              0x856e8 (size before relaxing)
 .debug_str     0x0008bc36      0x5fb ./Drivers/STM32F1xx_HAL_Driver/Src/stm32f1xx_hal_uart.o
                              0x8554b (size before relaxing)

.comment        0x00000000       0x43
 .comment       0x00000000       0x43 ./Core/Lib/Src/ds18b20.o
                                 0x44 (size before relaxing)
 .comment       0x00000043       0x44 ./Core/Lib/Src/onewire.o
 .comment       0x00000043       0x44 ./Core/Src/fnd_controller.o
 .comment       0x00000043       0x44 ./Core/Src/main.o
 .comment       0x00000043       0x44 ./Core/Src/stm32f1xx_hal_msp.o
 .comment       0x00000043       0x44 ./Core/Src/stm32f1xx_it.o
 .comment       0x00000043       0x44 ./Core/Src/system_stm32f1xx.o
 .comment       0x00000043       0x44 ./Drivers/STM32F1xx_HAL_Driver/Src/stm32f1xx_hal.o
 .comment       0x00000043       0x44 ./Drivers/STM32F1xx_HAL_Driver/Src/stm32f1xx_hal_cortex.o
 .comment       0x00000043       0x44 ./Drivers/STM32F1xx_HAL_Driver/Src/stm32f1xx_hal_gpio.o
 .comment       0x00000043       0x44 ./Drivers/STM32F1xx_HAL_Driver/Src/stm32f1xx_hal_rcc.o
 .comment       0x00000043       0x44 ./Drivers/STM32F1xx_HAL_Driver/Src/stm32f1xx_hal_spi.o
 .comment       0x00000043       0x44 ./Drivers/STM32F1xx_HAL_Driver/Src/stm32f1xx_hal_tim.o
 .comment       0x00000043       0x44 ./Drivers/STM32F1xx_HAL_Driver/Src/stm32f1xx_hal_tim_ex.o
 .comment       0x00000043       0x44 ./Drivers/STM32F1xx_HAL_Driver/Src/stm32f1xx_hal_uart.o

.debug_frame    0x00000000     0x3f8c
 .debug_frame   0x00000000      0x1f0 ./Core/Lib/Src/ds18b20.o
 .debug_frame   0x000001f0      0x370 ./Core/Lib/Src/onewire.o
 .debug_frame   0x00000560      0x198 ./Core/Src/fnd_controller.o
 .debug_frame   0x000006f8      0x110 ./Core/Src/main.o
 .debug_frame   0x00000808      0x110 ./Core/Src/stm32f1xx_hal_msp.o
 .debug_frame   0x00000918      0x120 ./Core/Src/stm32f1xx_it.o
 .debug_frame   0x00000a38       0x58 ./Core/Src/system_stm32f1xx.o
 .debug_frame   0x00000a90      0x334 ./Drivers/STM32F1xx_HAL_Driver/Src/stm32f1xx_hal.o
 .debug_frame   0x00000dc4      0x428 ./Drivers/STM32F1xx_HAL_Driver/Src/stm32f1xx_hal_cortex.o
 .debug_frame   0x000011ec      0x14c ./Drivers/STM32F1xx_HAL_Driver/Src/stm32f1xx_hal_gpio.o
 .debug_frame   0x00001338      0x218 ./Drivers/STM32F1xx_HAL_Driver/Src/stm32f1xx_hal_rcc.o
 .debug_frame   0x00001550      0x824 ./Drivers/STM32F1xx_HAL_Driver/Src/stm32f1xx_hal_spi.o
 .debug_frame   0x00001d74     0x11bc ./Drivers/STM32F1xx_HAL_Driver/Src/stm32f1xx_hal_tim.o
 .debug_frame   0x00002f30      0x638 ./Drivers/STM32F1xx_HAL_Driver/Src/stm32f1xx_hal_tim_ex.o
 .debug_frame   0x00003568      0x944 ./Drivers/STM32F1xx_HAL_Driver/Src/stm32f1xx_hal_uart.o
 .debug_frame   0x00003eac       0x20 D:/YongJae/STM32CubeIDE1.15.0/STM32CubeIDE_1.15.0/STM32CubeIDE/plugins/com.st.stm32cube.ide.mcu.externaltools.gnu-tools-for-stm32.12.3.rel1.win32_1.0.100.202403111256/tools/bin/../lib/gcc/arm-none-eabi/12.3.1/../../../../arm-none-eabi/lib/thumb/v7-m/nofp\libc_nano.a(libc_a-memset.o)
 .debug_frame   0x00003ecc       0x2c D:/YongJae/STM32CubeIDE1.15.0/STM32CubeIDE_1.15.0/STM32CubeIDE/plugins/com.st.stm32cube.ide.mcu.externaltools.gnu-tools-for-stm32.12.3.rel1.win32_1.0.100.202403111256/tools/bin/../lib/gcc/arm-none-eabi/12.3.1/../../../../arm-none-eabi/lib/thumb/v7-m/nofp\libc_nano.a(libc_a-init.o)
 .debug_frame   0x00003ef8       0x24 D:/YongJae/STM32CubeIDE1.15.0/STM32CubeIDE_1.15.0/STM32CubeIDE/plugins/com.st.stm32cube.ide.mcu.externaltools.gnu-tools-for-stm32.12.3.rel1.win32_1.0.100.202403111256/tools/bin/../lib/gcc/arm-none-eabi/12.3.1/thumb/v7-m/nofp\libgcc.a(_arm_mulsf3.o)
 .debug_frame   0x00003f1c       0x4c D:/YongJae/STM32CubeIDE1.15.0/STM32CubeIDE_1.15.0/STM32CubeIDE/plugins/com.st.stm32cube.ide.mcu.externaltools.gnu-tools-for-stm32.12.3.rel1.win32_1.0.100.202403111256/tools/bin/../lib/gcc/arm-none-eabi/12.3.1/thumb/v7-m/nofp\libgcc.a(_arm_addsubsf3.o)
 .debug_frame   0x00003f68       0x24 D:/YongJae/STM32CubeIDE1.15.0/STM32CubeIDE_1.15.0/STM32CubeIDE/plugins/com.st.stm32cube.ide.mcu.externaltools.gnu-tools-for-stm32.12.3.rel1.win32_1.0.100.202403111256/tools/bin/../lib/gcc/arm-none-eabi/12.3.1/thumb/v7-m/nofp\libgcc.a(_arm_fixsfsi.o)

.debug_line_str
                0x00000000       0x55
 .debug_line_str
                0x00000000       0x55 ./Core/Startup/startup_stm32f103c8tx.o
